// Jest Snapshot v1, https://goo.gl/fbAQLP

exports[`Car list match snapshot 1`] = `
<div
  className="container"
>
  <div>
    <h4
      className="contentHeading"
    >
      Available Cars
    </h4>
    <p>
      Showing 
      1
       of 
       Results 
    </p>
  </div>
  <br />
  <div
    className="row"
  >
    <div
      className="carCard"
    >
      <div
        className="img"
      >
        <img
          alt="car_image"
          src="www.example.com"
        />
      </div>
      <div
        className="body"
      >
        <h4>
          tesla model s
        </h4>
        <p>
          Stock # 
          100w - 1 km - petrol - white
        </p>
        <a
          href="/detail/100w"
        >
          View Details
        </a>
      </div>
    </div>
  </div>
</div>
`;

exports[`Filters match snapshot 1`] = `
<div
  className="filterBox"
  data-testid="filters"
>
  <form
    className=""
  >
    <div
      className="form-group"
    >
      <label
        className="form-label"
      >
        Color
      </label>
      <br />
      <select
        className="form-control"
        onChange={[Function]}
      >
        <option
          value=" "
        >
          All car colors
        </option>
      </select>
      <label
        className="form-label"
      >
        Manufacturer
      </label>
      <br />
      <select
        className="form-control"
        onChange={[Function]}
      >
        <option
          value=" "
        >
          All manufacturers
        </option>
      </select>
      <br />
      <button
        className="btn btn-primary"
        disabled={false}
        onClick={[Function]}
        type="submit"
      >
        Filter
      </button>
    </div>
  </form>
</div>
`;

exports[`Footer match snapshot 1`] = `
<nav
  className="justify-content-center navbar navbar-expand navbar-light bg-light"
>
  <div
    className="navbar-nav"
    onKeyDown={[Function]}
  >
    <p
      className="text-center mt-4 mb-4"
    >
      Â© Auto 2020
    </p>
  </div>
</nav>
`;

exports[`NavBar match snapshot 1`] = `
<nav
  className="navbar navbar-expand navbar-light bg-light"
>
  <a
    className="navbar-brand"
    href="/"
  >
    Auto
  </a>
  <div
    aria-expanded={null}
    className="justify-content-end navbar-collapse collapse"
  >
    <div
      className="navbar-nav"
      onKeyDown={[Function]}
    >
      <a
        className="nav-link"
        data-rb-event-key="#"
        href="#"
        onClick={[Function]}
        onKeyDown={[Function]}
        role="button"
      >
        Purchase
      </a>
      <a
        className="nav-link"
        data-rb-event-key="#"
        href="#"
        onClick={[Function]}
        onKeyDown={[Function]}
        role="button"
      >
        My Orders
      </a>
      <a
        className="nav-link"
        data-rb-event-key="#"
        href="#"
        onClick={[Function]}
        onKeyDown={[Function]}
        role="button"
      >
        Sell
      </a>
    </div>
  </div>
</nav>
`;

exports[`Pagniation match snapshot 1`] = `
<ul
  className="pagination"
/>
`;
